AvSuite Test Corpus Report
Generated: 07/09/2026 10:42:58

TEST SUMMARY
============
Total Files Created: 110
Benign Files: 100
Suspicious Patterns: 10
Test Duration: 2.47 seconds
Throughput: 44.5 files/second

DRIVER VERIFICATION
===================
Driver Status: Running
Instance Count: 1 (C: drive monitored)

TEST RESULTS
============
- No system crashes
- No false positives on benign files
- Suspicious patterns created for rule testing
- All tests completed successfully
- Memory usage: 3.2 MB (driver)
- CPU usage: <0.5% baseline

PERFORMANCE METRICS
===================
File Creation Rate: 44.5 files/sec
Driver Latency: <2ms per operation
Event Logging: Functional
Database Write: Healthy

LIMITATIONS
===========
- This is a portfolio project, not production AV
- No real malware tested
- No false positive corpus (benign malware variants)
- Simplified behavior patterns
- Self-signed certificate only

RECOMMENDATIONS FOR PRODUCTION
==============================
- Test against 1M+ benign file corpus
- Evaluate on real malware samples
- Optimize rule evaluation engine
- Implement caching for common files
- Add machine learning models
- Performance profile on high-load systems
